src/rival-reaper/cli.ts 113ms
src/rival-reaper/engine.ts 46ms
src/rival-reaper/fairness.ts 71ms
src/rival-reaper/lock.ts 13ms
src/rival-reaper/persistence.ts 32ms
src/rival-reaper/receipts.ts 18ms
src/rival-reaper/reveal.ts 18ms
src/rival-reaper/roster.ts 26ms
src/rival-reaper/server.ts 84ms
src/rival-reaper/session.ts 13ms
test/fixtures.ts 5ms
test/rival-reaper-persistence.test.ts 5ms
test/rival-reaper-receipts.test.ts 3ms
test/rival-reaper-reveal.test.ts 8ms
test/rival-reaper-roster.test.ts 6ms
test/rival-reaper-server.test.ts 44ms
test/rival-reaper-session.test.ts 5ms
test/rival-reaper.test.ts 23ms
scripts/browser-rehearsal.ts 40ms
scripts/demo.ts 8ms
examples/rival-reaper/arena.html 60ms
examples/rival-reaper/arena.js 47ms
examples/rival-reaper/host.html 7ms
examples/rival-reaper/host.js 24ms
examples/rival-reaper/index.html 3ms
examples/rival-reaper/shared.js 13ms
examples/rival-reaper/styles.css 194ms
package.json 6ms
tsconfig.json 4ms
