
> @mgr/rival-reaper@0.2.0 test:integration
> node --test --import tsx test/rival-reaper-server.test.ts

TAP version 13
# Subtest: host routes reject missing, bare, malformed and incorrect auth
ok 1 - host routes reject missing, bare, malformed and incorrect auth
  ---
  duration_ms: 94.493
  type: 'test'
  ...
# Subtest: malformed body, missing command and oversized request are rejected
ok 2 - malformed body, missing command and oversized request are rejected
  ---
  duration_ms: 35.2829
  type: 'test'
  ...
# Subtest: reveal without fate and unknown player fail without mutation
ok 3 - reveal without fate and unknown player fail without mutation
  ---
  duration_ms: 42.581
  type: 'test'
  ...
# Subtest: parallel identical commands lock once and replay once
ok 4 - parallel identical commands lock once and replay once
  ---
  duration_ms: 43.765
  type: 'test'
  ...
# Subtest: parallel different commands and second draw cannot consume another fate
ok 5 - parallel different commands and second draw cannot consume another fate
  ---
  duration_ms: 36.5048
  type: 'test'
  ...
# Subtest: replay advance is idempotent; command reuse and stale revisions fail
ok 6 - replay advance is idempotent; command reuse and stale revisions fail
  ---
  duration_ms: 49.1847
  type: 'test'
  ...
# Subtest: presentation redacts fate and private metadata until their authorized phases
ok 7 - presentation redacts fate and private metadata until their authorized phases
  ---
  duration_ms: 111.2001
  type: 'test'
  ...
# Subtest: restart at every reveal phase preserves fate and command journal
ok 8 - restart at every reveal phase preserves fate and command journal
  ---
  duration_ms: 279.9481
  type: 'test'
  ...
# Subtest: SSE initial connection and reconnect supply current authoritative state
ok 9 - SSE initial connection and reconnect supply current authoritative state
  ---
  duration_ms: 49.0985
  type: 'test'
  ...
# Subtest: audit export is integrity-checkable and encrypted file contains no clear roster
ok 10 - audit export is integrity-checkable and encrypted file contains no clear roster
  ---
  duration_ms: 27.1088
  type: 'test'
  ...
# Subtest: save failure publishes no new fate and disables all further mutations
ok 11 - save failure publishes no new fate and disables all further mutations
  ---
  duration_ms: 13.8016
  type: 'test'
  ...
# Subtest: cross-origin commands are rejected and static traversal is not served
ok 12 - cross-origin commands are rejected and static traversal is not served
  ---
  duration_ms: 17.8247
  type: 'test'
  ...
# Subtest: second local writer is refused without touching the existing snapshot
ok 13 - second local writer is refused without touching the existing snapshot
  ---
  duration_ms: 30.8667
  type: 'test'
  ...
# Subtest: killed CLI process recovers encrypted fate and ink phase without reroll
ok 14 - killed CLI process recovers encrypted fate and ink phase without reroll
  ---
  duration_ms: 1013.9944
  type: 'test'
  ...
1..14
# tests 14
# suites 0
# pass 14
# fail 0
# cancelled 0
# skipped 0
# todo 0
# duration_ms 2350.5772
