
> @mgr/rival-reaper@0.2.0 test:unit
> node --test --import tsx test/rival-reaper.test.ts test/rival-reaper-session.test.ts test/rival-reaper-roster.test.ts test/rival-reaper-reveal.test.ts test/rival-reaper-receipts.test.ts test/rival-reaper-persistence.test.ts

TAP version 13
# Subtest: corrupt snapshot ciphertext and unsupported envelope are rejected
ok 1 - corrupt snapshot ciphertext and unsupported envelope are rejected
  ---
  duration_ms: 31.6234
  type: 'test'
  ...
# Subtest: encrypted snapshot round-trips and rejects wrong secret
ok 2 - encrypted snapshot round-trips and rejects wrong secret
  ---
  duration_ms: 2.671
  type: 'test'
  ...
# Subtest: receipt chain verifies and detects tampering
ok 3 - receipt chain verifies and detects tampering
  ---
  duration_ms: 26.291
  type: 'test'
  ...
# Subtest: reveal refuses missing fate, wrong team, forged receipt and invalid restored phase
ok 4 - reveal refuses missing fate, wrong team, forged receipt and invalid restored phase
  ---
  duration_ms: 28.4759
  type: 'test'
  ...
# Subtest: reveal walks the locked fate through every theatrical phase
ok 5 - reveal walks the locked fate through every theatrical phase
  ---
  duration_ms: 3.6587
  type: 'test'
  ...
# Subtest: malformed roster and duplicate IDs fail closed
ok 6 - malformed roster and duplicate IDs fail closed
  ---
  duration_ms: 2.7816
  type: 'test'
  ...
# Subtest: 45 competitors become five teams of nine and blackout stays outside
ok 7 - 45 competitors become five teams of nine and blackout stays outside
  ---
  duration_ms: 1.9806
  type: 'test'
  ...
# Subtest: uneven counts distribute capacities by at most one
ok 8 - uneven counts distribute capacities by at most one
  ---
  duration_ms: 0.5438
  type: 'test'
  ...
# Subtest: restore rejects assignments diverging from valid receipts
ok 9 - restore rejects assignments diverging from valid receipts
  ---
  duration_ms: 30.7735
  type: 'test'
  ...
# Subtest: snapshots and constructor input cannot mutate locked session
ok 10 - snapshots and constructor input cannot mutate locked session
  ---
  duration_ms: 1.4738
  type: 'test'
  ...
# Subtest: session can snapshot and restore locked draw history
ok 11 - session can snapshot and restore locked draw history
  ---
  duration_ms: 0.9637
  type: 'test'
  ...
# Subtest: 43 complete draws enforce capacities, gender quotas and household separation
ok 12 - 43 complete draws enforce capacities, gender quotas and household separation
  ---
  duration_ms: 250.8405
  type: 'test'
  ...
# Subtest: 45 complete draws enforce capacities, gender quotas and household separation
ok 13 - 45 complete draws enforce capacities, gender quotas and household separation
  ---
  duration_ms: 218.5734
  type: 'test'
  ...
# Subtest: unavoidable household collision is minimized across the complete draw
ok 14 - unavoidable household collision is minimized across the complete draw
  ---
  duration_ms: 2.6567
  type: 'test'
  ...
# Subtest: duplicate, unknown and no-capacity attempts do not mutate assignments
ok 15 - duplicate, unknown and no-capacity attempts do not mutate assignments
  ---
  duration_ms: 0.6319
  type: 'test'
  ...
# Subtest: invalid random values fail before assignment
ok 16 - invalid random values fail before assignment
  ---
  duration_ms: 1.0267
  type: 'test'
  ...
# Subtest: full teams are excluded while other capacity remains
ok 17 - full teams are excluded while other capacity remains
  ---
  duration_ms: 1.2186
  type: 'test'
  ...
# Subtest: Rival Reaper fills balanced teams without duplicates
ok 18 - Rival Reaper fills balanced teams without duplicates
  ---
  duration_ms: 2.9409
  type: 'test'
  ...
# Subtest: Black/support crew never enters engine unless explicitly supplied as players
ok 19 - Black/support crew never enters engine unless explicitly supplied as players
  ---
  duration_ms: 0.2534
  type: 'test'
  ...
# Subtest: seeded adversarial draw order preserves fairness across twelve full rehearsals
ok 20 - seeded adversarial draw order preserves fairness across twelve full rehearsals
  ---
  duration_ms: 2486.2485
  type: 'test'
  ...
1..20
# tests 20
# suites 0
# pass 20
# fail 0
# cancelled 0
# skipped 0
# todo 0
# duration_ms 3682.6724
