npm warn Unknown env config "http-proxy". This will stop working in the next major version of npm.

> @mgr/rival-reaper@0.2.0 test:integration
> node --test --import tsx test/rival-reaper-server.test.ts

✔ host routes reject missing, bare, malformed and incorrect auth (82.915563ms)
✔ malformed body, missing command and oversized request are rejected (24.24617ms)
✔ reveal without fate and unknown player fail without mutation (31.324632ms)
✔ parallel identical commands lock once and replay once (17.513905ms)
✔ parallel different commands and second draw cannot consume another fate (18.221605ms)
✔ replay advance is idempotent; command reuse and stale revisions fail (21.861121ms)
✔ presentation redacts fate and private metadata until their authorized phases (74.2446ms)
✔ restart at every reveal phase preserves fate and command journal (170.08272ms)
✔ SSE initial connection and reconnect supply current authoritative state (24.063971ms)
✔ audit export is integrity-checkable and encrypted file contains no clear roster (9.475684ms)
✔ save failure publishes no new fate and disables all further mutations (5.494481ms)
✔ cross-origin commands are rejected and static traversal is not served (4.763495ms)
✔ second local writer is refused without touching the existing snapshot (8.096338ms)
✔ killed CLI process recovers encrypted fate and ink phase without reroll (293.717488ms)
✔ restart rejects changed roster or teams without rewriting locked fate (29.135463ms)
✔ host poster modules are served locally with private-input file paths inaccessible (14.54642ms)
✔ session-bound host commands cannot apply to a different event at the same revision (21.72997ms)
ℹ tests 17
ℹ suites 0
ℹ pass 17
ℹ fail 0
ℹ cancelled 0
ℹ skipped 0
ℹ todo 0
ℹ duration_ms 1035.496062
