npm warn Unknown env config "http-proxy". This will stop working in the next major version of npm.

> @mgr/rival-reaper@0.2.0 test:unit
> node --test --import tsx test/rival-reaper.test.ts test/rival-reaper-session.test.ts test/rival-reaper-roster.test.ts test/rival-reaper-reveal.test.ts test/rival-reaper-receipts.test.ts test/rival-reaper-persistence.test.ts test/rival-reaper-connection.test.ts test/rival-reaper-host.test.ts test/rival-reaper-posters.test.ts

✔ Back/Forward restoration reconnects live state without duplicate streams (17.160746ms)
✔ logout aborts an audit fetch and ignores a response delivered afterward (3.96542ms)
✔ logout prevents a delayed private roster refresh from restoring private DOM (6.970312ms)
✔ an old login response (200) cannot change a newer login (2.872223ms)
✔ an old login response (401) cannot change a newer login (2.050952ms)
✔ logout during the third yank prevents automatic name-reveal continuation (3.2379ms)
✔ a new server session locks the host and resets private revision before reauthentication (1.479306ms)
✔ another host reaching ink-3 does not turn an earlier beat into a name reveal (1.34904ms)
✔ the third yank still automatically reveals the name when its own revision is current (1.733487ms)
✔ official draw commands bind the session observed when the host submits (3.239653ms)
✔ corrupt snapshot ciphertext and unsupported envelope are rejected (16.20943ms)
✔ encrypted snapshot round-trips and rejects wrong secret (1.89612ms)
✔ posters gate all five identities on confirmed auth, connection, full public roster and completed reveal (4.513621ms)
✔ posters reject malformed names and duplicate draw identities (1.946736ms)
✔ layout preserves all 10 names for a 46-person team and all 50 maximum-length names (93.946597ms)
✔ wrapping preserves emoji, combining text, long words and every space (2.175649ms)
✔ canvas contains all roster text and complete art, with deterministic safe PNG names (19.288593ms)
✔ only bounded raster file signatures are accepted; SVG and disguised external markup fail (2.130932ms)
✔ actual host controller renders five text-only previews and downloads a full-team image/png (14.346089ms)
✔ all five independently configured full-team buttons generate uniquely named PNG downloads (168.565357ms)
✔ logout wipes art URLs and late image decoding cannot restore the art (12.153986ms)
✔ async export is cancelled by logout, disconnect, changed session or nonterminal reveal (49.814509ms)
✔ rapid duplicate download clicks cannot create duplicate exports (10.977584ms)
✔ on-art regions require explicit confirmation, bounded percentages and room for all names (18.818119ms)
✔ names are bounded inside the explicit region and no below-art fallback is used (4.160632ms)
✔ different team exports are serialized to bound mobile canvas memory (18.448405ms)
✔ receipt chain verifies and detects tampering (10.756142ms)
✔ reveal refuses missing fate, wrong team, forged receipt and invalid restored phase (14.919108ms)
✔ reveal walks the locked fate through every theatrical phase (0.780239ms)
✔ malformed roster and duplicate IDs fail closed (1.146898ms)
✔ 45 competitors become five teams of nine and blackout stays outside (3.133284ms)
✔ uneven counts distribute capacities by at most one (0.28012ms)
✔ restore rejects assignments diverging from valid receipts (28.363647ms)
✔ snapshots and constructor input cannot mutate locked session (2.220726ms)
✔ session can snapshot and restore locked draw history (1.02789ms)
✔ 43 complete draws enforce capacities, gender quotas and household separation (164.10823ms)
✔ 45 complete draws enforce capacities, gender quotas and household separation (152.866486ms)
✔ 46 complete draws enforce capacities, gender quotas and household separation (129.056009ms)
✔ unavoidable household collision is minimized across the complete draw (4.407642ms)
✔ duplicate, unknown and no-capacity attempts do not mutate assignments (0.745988ms)
✔ invalid random values fail before assignment (1.792896ms)
✔ full teams are excluded while other capacity remains (0.892717ms)
✔ Rival Reaper fills balanced teams without duplicates (4.131198ms)
✔ Black/support crew never enters engine unless explicitly supplied as players (0.32668ms)
✔ seeded adversarial draw order preserves fairness across twelve full rehearsals (1749.752069ms)
ℹ tests 45
ℹ suites 0
ℹ pass 45
ℹ fail 0
ℹ cancelled 0
ℹ skipped 0
ℹ todo 0
ℹ duration_ms 2575.186929
